2026-10-06 10:42:10,355 - aqt.helper - DEBUG - helper 15404 Attempt to download checksum at https://download.qt.io/online/qtsdkrepository/windows_x86/desktop/qt6_6113/qt6_6113/Updates.xml.sha256
2026-10-06 10:42:11,791 - aqt.helper - DEBUG - helper 15404 Attempt to download checksum at https://download.qt.io/online/qtsdkrepository/windows_x86/desktop/qt6_6113/qt6_6113/Updates.xml.sha256
2026-10-06 10:42:13,251 - aqt.helper - DEBUG - helper 15404 Attempt to download checksum at https://download.qt.io/online/qtsdkrepository/windows_x86/desktop/qt6_6113/qt6_6113/Updates.xml.sha256
2026-10-06 10:42:14,879 - aqt.helper - DEBUG - helper 15404 Attempt to download checksum at https://download.qt.io/online/qtsdkrepository/windows_x86/desktop/qt6_6113/qt6_6113/Updates.xml.sha256
2026-10-06 10:42:16,232 - aqt.helper - DEBUG - helper 15404 Attempt to download checksum at https://download.qt.io/online/qtsdkrepository/windows_x86/desktop/qt6_6113/qt6_6113/Updates.xml.sha256
2026-10-06 10:42:17,579 - aqt.main - ERROR - installer 15404 Failed to download checksum for the file 'Updates.xml' from mirrors '['https://download.qt.io']
==============================Suggested follow-up:==============================
* Check your internet connection
* Consider modifying `requests.max_retries_to_retrieve_hash` in settings.ini
* Consider modifying `mirrors.trusted_mirrors` in settings.ini (see https://aqtinstall.readthedocs.io/en/stable/configuration.html#configuration)
* Please use 'aqt list-qt windows desktop' to show versions of Qt available.
2026-10-06 10:42:18,242 - aqt.helper - DEBUG - helper 18128 Attempt to download checksum at https://download.qt.io/online/qtsdkrepository/windows_x86/desktop/qt6_6113/qt6_6113/Updates.xml.sha256
2026-10-06 10:42:19,623 - aqt.helper - DEBUG - helper 18128 Attempt to download checksum at https://download.qt.io/online/qtsdkrepository/windows_x86/desktop/qt6_6113/qt6_6113/Updates.xml.sha256
2026-10-06 10:42:20,979 - aqt.helper - DEBUG - helper 18128 Attempt to download checksum at https://download.qt.io/online/qtsdkrepository/windows_x86/desktop/qt6_6113/qt6_6113/Updates.xml.sha256
2026-10-06 10:42:22,351 - aqt.helper - DEBUG - helper 18128 Attempt to download checksum at https://download.qt.io/online/qtsdkrepository/windows_x86/desktop/qt6_6113/qt6_6113/Updates.xml.sha256
2026-10-06 10:42:23,698 - aqt.helper - DEBUG - helper 18128 Attempt to download checksum at https://download.qt.io/online/qtsdkrepository/windows_x86/desktop/qt6_6113/qt6_6113/Updates.xml.sha256
2026-10-06 10:42:25,103 - aqt.main - ERROR - installer 18128 Failed to download checksum for the file 'Updates.xml' from mirrors '['https://download.qt.io']
==============================Suggested follow-up:==============================
* Check your internet connection
* Consider modifying `requests.max_retries_to_retrieve_hash` in settings.ini
* Consider modifying `mirrors.trusted_mirrors` in settings.ini (see https://aqtinstall.readthedocs.io/en/stable/configuration.html#configuration)
* Please use 'aqt list-qt windows desktop' to show versions of Qt available.
* Please use 'aqt list-qt windows desktop --arch <QT_VERSION>' to list valid architectures.
2026-10-06 10:42:30,258 - aqt.helper - DEBUG - helper 20228 Attempt to download checksum at https://download.qt.io/online/qtsdkrepository/windows_x86/desktop/qt6_683/qt6_683/Updates.xml.sha256
2026-10-06 10:42:33,908 - aqt.helper - DEBUG - helper 8388 Attempt to download checksum at https://download.qt.io/online/qtsdkrepository/windows_x86/desktop/qt6_6103/qt6_6103/Updates.xml.sha256
2026-10-06 10:42:42,554 - aqt.main - INFO - installer 12664 aqtinstall(aqt) v3.3.0 on Python 3.14.0 [CPython MSC v.1944 64 bit (AMD64)]
2026-10-06 10:42:42,555 - aqt.helper - DEBUG - helper 12664 Attempt to download checksum at https://download.qt.io/online/qtsdkrepository/windows_x86/desktop/qt6_683/qt6_683/Updates.xml.sha256
2026-10-06 10:42:45,881 - aqt.helper - DEBUG - helper 12664 Attempt to download checksum at https://download.qt.io/online/qtsdkrepository/windows_x86/extensions/qtwebengine/683/msvc2022_64/Updates.xml.sha256
2026-10-06 10:42:48,925 - aqt.archives - INFO - archives 12664 Found extension qtwebengine
2026-10-06 10:42:48,926 - aqt.helper - DEBUG - helper 12664 Attempt to download checksum at https://download.qt.io/online/qtsdkrepository/windows_x86/extensions/qtpdf/683/msvc2022_64/Updates.xml.sha256
2026-10-06 10:42:52,282 - aqt.archives - INFO - archives 12664 Found extension qtpdf
2026-10-06 10:42:54,393 - aqt.helper - DEBUG - helper 8720 Attempt to download checksum at https://download.qt.io/online/qtsdkrepository/windows_x86/desktop/qt6_683/qt6_683/qt.qt6.683.addons.qtimageformats.win64_msvc2022_64/6.8.3-0-202503201308qtimageformats-Windows-Windows_11_23H2-MSVC2022-Windows-Windows_11_23H2-X86_64.7z.sha256
2026-10-06 10:42:54,413 - aqt.helper - DEBUG - helper 11040 Attempt to download checksum at https://download.qt.io/online/qtsdkrepository/windows_x86/desktop/qt6_683/qt6_683/qt.qt6.683.addons.qtwebsockets.win64_msvc2022_64/6.8.3-0-202503201308qtwebsockets-Windows-Windows_11_23H2-MSVC2022-Windows-Windows_11_23H2-X86_64.7z.sha256
2026-10-06 10:42:54,422 - aqt.helper - DEBUG - helper 4708 Attempt to download checksum at https://download.qt.io/online/qtsdkrepository/windows_x86/desktop/qt6_683/qt6_683/qt.qt6.683.win64_msvc2022_64/6.8.3-0-202503201308qtbase-Windows-Windows_11_23H2-MSVC2022-Windows-Windows_11_23H2-X86_64.7z.sha256
2026-10-06 10:42:54,483 - aqt.helper - DEBUG - helper 9200 Attempt to download checksum at https://download.qt.io/online/qtsdkrepository/windows_x86/desktop/qt6_683/qt6_683/qt.qt6.683.win64_msvc2022_64/6.8.3-0-202503201308qtsvg-Windows-Windows_11_23H2-MSVC2022-Windows-Windows_11_23H2-X86_64.7z.sha256
2026-10-06 10:42:56,131 - aqt.helper - INFO - helper 8720 Downloading qtimageformats...
2026-10-06 10:42:56,131 - aqt.helper - INFO - helper 11040 Downloading qtwebsockets...
2026-10-06 10:42:56,164 - aqt.helper - INFO - helper 4708 Downloading qtbase...
2026-10-06 10:42:56,180 - aqt.helper - INFO - helper 9200 Downloading qtsvg...
2026-10-06 10:42:56,131 - aqt.installer - DEBUG - installer 8720 Download URL: https://download.qt.io/online/qtsdkrepository/windows_x86/desktop/qt6_683/qt6_683/qt.qt6.683.addons.qtimageformats.win64_msvc2022_64/6.8.3-0-202503201308qtimageformats-Windows-Windows_11_23H2-MSVC2022-Windows-Windows_11_23H2-X86_64.7z
2026-10-06 10:42:56,131 - aqt.installer - DEBUG - installer 11040 Download URL: https://download.qt.io/online/qtsdkrepository/windows_x86/desktop/qt6_683/qt6_683/qt.qt6.683.addons.qtwebsockets.win64_msvc2022_64/6.8.3-0-202503201308qtwebsockets-Windows-Windows_11_23H2-MSVC2022-Windows-Windows_11_23H2-X86_64.7z
2026-10-06 10:42:56,165 - aqt.installer - DEBUG - installer 4708 Download URL: https://download.qt.io/online/qtsdkrepository/windows_x86/desktop/qt6_683/qt6_683/qt.qt6.683.win64_msvc2022_64/6.8.3-0-202503201308qtbase-Windows-Windows_11_23H2-MSVC2022-Windows-Windows_11_23H2-X86_64.7z
2026-10-06 10:42:56,180 - aqt.installer - DEBUG - installer 9200 Download URL: https://download.qt.io/online/qtsdkrepository/windows_x86/desktop/qt6_683/qt6_683/qt.qt6.683.win64_msvc2022_64/6.8.3-0-202503201308qtsvg-Windows-Windows_11_23H2-MSVC2022-Windows-Windows_11_23H2-X86_64.7z
2026-10-06 10:42:57,776 - aqt.helper - DEBUG - helper 4708 Asked to redirect(302) to: https://qt.mirror.constant.com/online/qtsdkrepository/windows_x86/desktop/qt6_683/qt6_683/qt.qt6.683.win64_msvc2022_64/6.8.3-0-202503201308qtbase-Windows-Windows_11_23H2-MSVC2022-Windows-Windows_11_23H2-X86_64.7z
2026-10-06 10:42:57,777 - aqt.helper - INFO - helper 4708 Redirected: qt.mirror.constant.com
2026-10-06 10:42:57,779 - aqt.helper - DEBUG - helper 8720 Asked to redirect(302) to: https://qt.mirror.constant.com/online/qtsdkrepository/windows_x86/desktop/qt6_683/qt6_683/qt.qt6.683.addons.qtimageformats.win64_msvc2022_64/6.8.3-0-202503201308qtimageformats-Windows-Windows_11_23H2-MSVC2022-Windows-Windows_11_23H2-X86_64.7z
2026-10-06 10:42:57,779 - aqt.helper - INFO - helper 8720 Redirected: qt.mirror.constant.com
2026-10-06 10:42:57,801 - aqt.helper - DEBUG - helper 11040 Asked to redirect(302) to: https://qt.mirror.constant.com/online/qtsdkrepository/windows_x86/desktop/qt6_683/qt6_683/qt.qt6.683.addons.qtwebsockets.win64_msvc2022_64/6.8.3-0-202503201308qtwebsockets-Windows-Windows_11_23H2-MSVC2022-Windows-Windows_11_23H2-X86_64.7z
2026-10-06 10:42:57,802 - aqt.helper - INFO - helper 11040 Redirected: qt.mirror.constant.com
2026-10-06 10:42:57,826 - aqt.helper - DEBUG - helper 9200 Asked to redirect(302) to: https://qt.mirror.constant.com/online/qtsdkrepository/windows_x86/desktop/qt6_683/qt6_683/qt.qt6.683.win64_msvc2022_64/6.8.3-0-202503201308qtsvg-Windows-Windows_11_23H2-MSVC2022-Windows-Windows_11_23H2-X86_64.7z
2026-10-06 10:42:57,826 - aqt.helper - INFO - helper 9200 Redirected: qt.mirror.constant.com
2026-10-06 10:42:59,588 - aqt.installer - INFO - installer 11040 Finished installation of qtwebsockets-Windows-Windows_11_23H2-MSVC2022-Windows-Windows_11_23H2-X86_64.7z in 5.17936230
2026-10-06 10:42:59,629 - aqt.helper - DEBUG - helper 11040 Attempt to download checksum at https://download.qt.io/online/qtsdkrepository/windows_x86/desktop/qt6_683/qt6_683/qt.qt6.683.win64_msvc2022_64/6.8.3-0-202503201308qtdeclarative-Windows-Windows_11_23H2-MSVC2022-Windows-Windows_11_23H2-X86_64.7z.sha256
2026-10-06 10:42:59,747 - aqt.installer - INFO - installer 8720 Finished installation of qtimageformats-Windows-Windows_11_23H2-MSVC2022-Windows-Windows_11_23H2-X86_64.7z in 5.35770850
2026-10-06 10:42:59,770 - aqt.helper - DEBUG - helper 8720 Attempt to download checksum at https://download.qt.io/online/qtsdkrepository/windows_x86/desktop/qt6_683/qt6_683/qt.qt6.683.win64_msvc2022_64/6.8.3-0-202503201308qttools-Windows-Windows_11_23H2-MSVC2022-Windows-Windows_11_23H2-X86_64.7z.sha256
2026-10-06 10:42:59,871 - aqt.installer - INFO - installer 9200 Finished installation of qtsvg-Windows-Windows_11_23H2-MSVC2022-Windows-Windows_11_23H2-X86_64.7z in 5.39174230
2026-10-06 10:42:59,894 - aqt.helper - DEBUG - helper 9200 Attempt to download checksum at https://download.qt.io/online/qtsdkrepository/windows_x86/desktop/qt6_683/qt6_683/qt.qt6.683.win64_msvc2022_64/6.8.3-0-202503201308qttranslations-Windows-Windows_11_23H2-MSVC2022-Windows-Windows_11_23H2-X86_64.7z.sha256
2026-10-06 10:43:01,064 - aqt.helper - INFO - helper 11040 Downloading qtdeclarative...
2026-10-06 10:43:01,065 - aqt.installer - DEBUG - installer 11040 Download URL: https://download.qt.io/online/qtsdkrepository/windows_x86/desktop/qt6_683/qt6_683/qt.qt6.683.win64_msvc2022_64/6.8.3-0-202503201308qtdeclarative-Windows-Windows_11_23H2-MSVC2022-Windows-Windows_11_23H2-X86_64.7z
2026-10-06 10:43:01,219 - aqt.helper - INFO - helper 8720 Downloading qttools...
2026-10-06 10:43:01,219 - aqt.installer - DEBUG - installer 8720 Download URL: https://download.qt.io/online/qtsdkrepository/windows_x86/desktop/qt6_683/qt6_683/qt.qt6.683.win64_msvc2022_64/6.8.3-0-202503201308qttools-Windows-Windows_11_23H2-MSVC2022-Windows-Windows_11_23H2-X86_64.7z
2026-10-06 10:43:01,349 - aqt.helper - INFO - helper 9200 Downloading qttranslations...
2026-10-06 10:43:01,350 - aqt.installer - DEBUG - installer 9200 Download URL: https://download.qt.io/online/qtsdkrepository/windows_x86/desktop/qt6_683/qt6_683/qt.qt6.683.win64_msvc2022_64/6.8.3-0-202503201308qttranslations-Windows-Windows_11_23H2-MSVC2022-Windows-Windows_11_23H2-X86_64.7z
2026-10-06 10:43:02,446 - aqt.helper - DEBUG - helper 11040 Asked to redirect(302) to: https://qt.mirror.constant.com/online/qtsdkrepository/windows_x86/desktop/qt6_683/qt6_683/qt.qt6.683.win64_msvc2022_64/6.8.3-0-202503201308qtdeclarative-Windows-Windows_11_23H2-MSVC2022-Windows-Windows_11_23H2-X86_64.7z
2026-10-06 10:43:02,447 - aqt.helper - INFO - helper 11040 Redirected: qt.mirror.constant.com
2026-10-06 10:43:02,570 - aqt.helper - DEBUG - helper 8720 Asked to redirect(302) to: https://qt.mirror.constant.com/online/qtsdkrepository/windows_x86/desktop/qt6_683/qt6_683/qt.qt6.683.win64_msvc2022_64/6.8.3-0-202503201308qttools-Windows-Windows_11_23H2-MSVC2022-Windows-Windows_11_23H2-X86_64.7z
2026-10-06 10:43:02,571 - aqt.helper - INFO - helper 8720 Redirected: qt.mirror.constant.com
2026-10-06 10:43:02,707 - aqt.helper - DEBUG - helper 9200 Asked to redirect(302) to: https://qt.mirror.constant.com/online/qtsdkrepository/windows_x86/desktop/qt6_683/qt6_683/qt.qt6.683.win64_msvc2022_64/6.8.3-0-202503201308qttranslations-Windows-Windows_11_23H2-MSVC2022-Windows-Windows_11_23H2-X86_64.7z
2026-10-06 10:43:02,707 - aqt.helper - INFO - helper 9200 Redirected: qt.mirror.constant.com
2026-10-06 10:43:05,582 - aqt.installer - INFO - installer 9200 Finished installation of qttranslations-Windows-Windows_11_23H2-MSVC2022-Windows-Windows_11_23H2-X86_64.7z in 5.69158310
2026-10-06 10:43:05,604 - aqt.helper - DEBUG - helper 9200 Attempt to download checksum at https://download.qt.io/online/qtsdkrepository/windows_x86/desktop/qt6_683/qt6_683/qt.qt6.683.win64_msvc2022_64/6.8.3-0-202503201308d3dcompiler_47-x64.7z.sha256
2026-10-06 10:43:08,240 - aqt.helper - INFO - helper 9200 Downloading d3dcompiler_47...
2026-10-06 10:43:08,240 - aqt.installer - DEBUG - installer 9200 Download URL: https://download.qt.io/online/qtsdkrepository/windows_x86/desktop/qt6_683/qt6_683/qt.qt6.683.win64_msvc2022_64/6.8.3-0-202503201308d3dcompiler_47-x64.7z
2026-10-06 10:43:09,659 - aqt.installer - INFO - installer 8720 Finished installation of qttools-Windows-Windows_11_23H2-MSVC2022-Windows-Windows_11_23H2-X86_64.7z in 9.89302700
2026-10-06 10:43:09,689 - aqt.helper - DEBUG - helper 8720 Attempt to download checksum at https://download.qt.io/online/qtsdkrepository/windows_x86/desktop/qt6_683/qt6_683/qt.qt6.683.win64_msvc2022_64/6.8.3-0-202503201308opengl32sw-64-mesa_11_2_2-signed_sha256.7z.sha256
2026-10-06 10:43:09,803 - aqt.helper - DEBUG - helper 9200 Asked to redirect(302) to: https://qt.mirror.constant.com/online/qtsdkrepository/windows_x86/desktop/qt6_683/qt6_683/qt.qt6.683.win64_msvc2022_64/6.8.3-0-202503201308d3dcompiler_47-x64.7z
2026-10-06 10:43:09,804 - aqt.helper - INFO - helper 9200 Redirected: qt.mirror.constant.com
2026-10-06 10:43:11,162 - aqt.helper - INFO - helper 8720 Downloading opengl32sw...
2026-10-06 10:43:11,162 - aqt.installer - DEBUG - installer 8720 Download URL: https://download.qt.io/online/qtsdkrepository/windows_x86/desktop/qt6_683/qt6_683/qt.qt6.683.win64_msvc2022_64/6.8.3-0-202503201308opengl32sw-64-mesa_11_2_2-signed_sha256.7z
2026-10-06 10:43:11,831 - aqt.installer - INFO - installer 9200 Finished installation of d3dcompiler_47-x64.7z in 6.23071500
2026-10-06 10:43:12,563 - aqt.helper - DEBUG - helper 8720 Asked to redirect(302) to: https://qt.mirror.constant.com/online/qtsdkrepository/windows_x86/desktop/qt6_683/qt6_683/qt.qt6.683.win64_msvc2022_64/6.8.3-0-202503201308opengl32sw-64-mesa_11_2_2-signed_sha256.7z
2026-10-06 10:43:12,563 - aqt.helper - INFO - helper 8720 Redirected: qt.mirror.constant.com
2026-10-06 10:43:15,029 - aqt.installer - INFO - installer 8720 Finished installation of opengl32sw-64-mesa_11_2_2-signed_sha256.7z in 5.34262130
2026-10-06 10:43:16,846 - aqt.installer - INFO - installer 4708 Finished installation of qtbase-Windows-Windows_11_23H2-MSVC2022-Windows-Windows_11_23H2-X86_64.7z in 22.42731920
2026-10-06 10:44:34,751 - aqt.installer - INFO - installer 11040 Finished installation of qtdeclarative-Windows-Windows_11_23H2-MSVC2022-Windows-Windows_11_23H2-X86_64.7z in 95.12536990
2026-10-06 10:44:35,150 - aqt.updater - INFO - updater 12664 Patching C:\Users\Pedro\Qt\6.8.3\msvc2022_64\bin\qmake.exe
2026-10-06 10:44:35,158 - aqt.updater - INFO - updater 12664 Patching C:\Users\Pedro\Qt\6.8.3\msvc2022_64\lib\Qt6Concurrent.prl
2026-10-06 10:44:35,166 - aqt.updater - INFO - updater 12664 Patching C:\Users\Pedro\Qt\6.8.3\msvc2022_64\lib\Qt6Concurrentd.prl
2026-10-06 10:44:35,173 - aqt.updater - INFO - updater 12664 Patching C:\Users\Pedro\Qt\6.8.3\msvc2022_64\lib\Qt6Core.prl
2026-10-06 10:44:35,181 - aqt.updater - INFO - updater 12664 Patching C:\Users\Pedro\Qt\6.8.3\msvc2022_64\lib\Qt6Cored.prl
2026-10-06 10:44:35,188 - aqt.updater - INFO - updater 12664 Patching C:\Users\Pedro\Qt\6.8.3\msvc2022_64\lib\Qt6DBus.prl
2026-10-06 10:44:35,195 - aqt.updater - INFO - updater 12664 Patching C:\Users\Pedro\Qt\6.8.3\msvc2022_64\lib\Qt6DBusd.prl
2026-10-06 10:44:35,203 - aqt.updater - INFO - updater 12664 Patching C:\Users\Pedro\Qt\6.8.3\msvc2022_64\lib\Qt6Designer.prl
2026-10-06 10:44:35,210 - aqt.updater - INFO - updater 12664 Patching C:\Users\Pedro\Qt\6.8.3\msvc2022_64\lib\Qt6DesignerComponents.prl
2026-10-06 10:44:35,218 - aqt.updater - INFO - updater 12664 Patching C:\Users\Pedro\Qt\6.8.3\msvc2022_64\lib\Qt6DesignerComponentsd.prl
2026-10-06 10:44:35,228 - aqt.updater - INFO - updater 12664 Patching C:\Users\Pedro\Qt\6.8.3\msvc2022_64\lib\Qt6Designerd.prl
2026-10-06 10:44:35,235 - aqt.updater - INFO - updater 12664 Patching C:\Users\Pedro\Qt\6.8.3\msvc2022_64\lib\Qt6DeviceDiscoverySupport.prl
2026-10-06 10:44:35,244 - aqt.updater - INFO - updater 12664 Patching C:\Users\Pedro\Qt\6.8.3\msvc2022_64\lib\Qt6DeviceDiscoverySupportd.prl
2026-10-06 10:44:35,252 - aqt.updater - INFO - updater 12664 Patching C:\Users\Pedro\Qt\6.8.3\msvc2022_64\lib\Qt6EntryPoint.prl
2026-10-06 10:44:35,268 - aqt.updater - INFO - updater 12664 Patching C:\Users\Pedro\Qt\6.8.3\msvc2022_64\lib\Qt6EntryPointd.prl
2026-10-06 10:44:35,276 - aqt.updater - INFO - updater 12664 Patching C:\Users\Pedro\Qt\6.8.3\msvc2022_64\lib\Qt6ExampleIcons.prl
2026-10-06 10:44:35,288 - aqt.updater - INFO - updater 12664 Patching C:\Users\Pedro\Qt\6.8.3\msvc2022_64\lib\Qt6ExampleIconsd.prl
2026-10-06 10:44:35,297 - aqt.updater - INFO - updater 12664 Patching C:\Users\Pedro\Qt\6.8.3\msvc2022_64\lib\Qt6ExamplesAssetDownloader.prl
2026-10-06 10:44:35,304 - aqt.updater - INFO - updater 12664 Patching C:\Users\Pedro\Qt\6.8.3\msvc2022_64\lib\Qt6ExamplesAssetDownloaderd.prl
2026-10-06 10:44:35,311 - aqt.updater - INFO - updater 12664 Patching C:\Users\Pedro\Qt\6.8.3\msvc2022_64\lib\Qt6FbSupport.prl
2026-10-06 10:44:35,319 - aqt.updater - INFO - updater 12664 Patching C:\Users\Pedro\Qt\6.8.3\msvc2022_64\lib\Qt6FbSupportd.prl
2026-10-06 10:44:35,326 - aqt.updater - INFO - updater 12664 Patching C:\Users\Pedro\Qt\6.8.3\msvc2022_64\lib\Qt6Gui.prl
2026-10-06 10:44:35,332 - aqt.updater - INFO - updater 12664 Patching C:\Users\Pedro\Qt\6.8.3\msvc2022_64\lib\Qt6Guid.prl
2026-10-06 10:44:35,339 - aqt.updater - INFO - updater 12664 Patching C:\Users\Pedro\Qt\6.8.3\msvc2022_64\lib\Qt6Help.prl
2026-10-06 10:44:35,346 - aqt.updater - INFO - updater 12664 Patching C:\Users\Pedro\Qt\6.8.3\msvc2022_64\lib\Qt6Helpd.prl
2026-10-06 10:44:35,355 - aqt.updater - INFO - updater 12664 Patching C:\Users\Pedro\Qt\6.8.3\msvc2022_64\lib\Qt6LabsAnimation.prl
2026-10-06 10:44:35,363 - aqt.updater - INFO - updater 12664 Patching C:\Users\Pedro\Qt\6.8.3\msvc2022_64\lib\Qt6LabsAnimationd.prl
2026-10-06 10:44:35,371 - aqt.updater - INFO - updater 12664 Patching C:\Users\Pedro\Qt\6.8.3\msvc2022_64\lib\Qt6LabsFolderListModel.prl
2026-10-06 10:44:35,390 - aqt.updater - INFO - updater 12664 Patching C:\Users\Pedro\Qt\6.8.3\msvc2022_64\lib\Qt6LabsFolderListModeld.prl
2026-10-06 10:44:35,399 - aqt.updater - INFO - updater 12664 Patching C:\Users\Pedro\Qt\6.8.3\msvc2022_64\lib\Qt6LabsPlatform.prl
2026-10-06 10:44:35,408 - aqt.updater - INFO - updater 12664 Patching C:\Users\Pedro\Qt\6.8.3\msvc2022_64\lib\Qt6LabsPlatformd.prl
2026-10-06 10:44:35,417 - aqt.updater - INFO - updater 12664 Patching C:\Users\Pedro\Qt\6.8.3\msvc2022_64\lib\Qt6LabsQmlModels.prl
2026-10-06 10:44:35,424 - aqt.updater - INFO - updater 12664 Patching C:\Users\Pedro\Qt\6.8.3\msvc2022_64\lib\Qt6LabsQmlModelsd.prl
2026-10-06 10:44:35,431 - aqt.updater - INFO - updater 12664 Patching C:\Users\Pedro\Qt\6.8.3\msvc2022_64\lib\Qt6LabsSettings.prl
2026-10-06 10:44:35,438 - aqt.updater - INFO - updater 12664 Patching C:\Users\Pedro\Qt\6.8.3\msvc2022_64\lib\Qt6LabsSettingsd.prl
2026-10-06 10:44:35,445 - aqt.updater - INFO - updater 12664 Patching C:\Users\Pedro\Qt\6.8.3\msvc2022_64\lib\Qt6LabsSharedImage.prl
2026-10-06 10:44:35,452 - aqt.updater - INFO - updater 12664 Patching C:\Users\Pedro\Qt\6.8.3\msvc2022_64\lib\Qt6LabsSharedImaged.prl
2026-10-06 10:44:35,460 - aqt.updater - INFO - updater 12664 Patching C:\Users\Pedro\Qt\6.8.3\msvc2022_64\lib\Qt6LabsWavefrontMesh.prl
2026-10-06 10:44:35,466 - aqt.updater - INFO - updater 12664 Patching C:\Users\Pedro\Qt\6.8.3\msvc2022_64\lib\Qt6LabsWavefrontMeshd.prl
2026-10-06 10:44:35,481 - aqt.updater - INFO - updater 12664 Patching C:\Users\Pedro\Qt\6.8.3\msvc2022_64\lib\Qt6Network.prl
2026-10-06 10:44:35,489 - aqt.updater - INFO - updater 12664 Patching C:\Users\Pedro\Qt\6.8.3\msvc2022_64\lib\Qt6Networkd.prl
2026-10-06 10:44:35,496 - aqt.updater - INFO - updater 12664 Patching C:\Users\Pedro\Qt\6.8.3\msvc2022_64\lib\Qt6OpenGL.prl
2026-10-06 10:44:35,503 - aqt.updater - INFO - updater 12664 Patching C:\Users\Pedro\Qt\6.8.3\msvc2022_64\lib\Qt6OpenGLd.prl
2026-10-06 10:44:35,515 - aqt.updater - INFO - updater 12664 Patching C:\Users\Pedro\Qt\6.8.3\msvc2022_64\lib\Qt6OpenGLWidgets.prl
2026-10-06 10:44:35,522 - aqt.updater - INFO - updater 12664 Patching C:\Users\Pedro\Qt\6.8.3\msvc2022_64\lib\Qt6OpenGLWidgetsd.prl
2026-10-06 10:44:35,528 - aqt.updater - INFO - updater 12664 Patching C:\Users\Pedro\Qt\6.8.3\msvc2022_64\lib\Qt6PacketProtocol.prl
2026-10-06 10:44:35,535 - aqt.updater - INFO - updater 12664 Patching C:\Users\Pedro\Qt\6.8.3\msvc2022_64\lib\Qt6PacketProtocold.prl
2026-10-06 10:44:35,543 - aqt.updater - INFO - updater 12664 Patching C:\Users\Pedro\Qt\6.8.3\msvc2022_64\lib\Qt6PrintSupport.prl
2026-10-06 10:44:35,550 - aqt.updater - INFO - updater 12664 Patching C:\Users\Pedro\Qt\6.8.3\msvc2022_64\lib\Qt6PrintSupportd.prl
2026-10-06 10:44:35,558 - aqt.updater - INFO - updater 12664 Patching C:\Users\Pedro\Qt\6.8.3\msvc2022_64\lib\Qt6Qml.prl
2026-10-06 10:44:35,564 - aqt.updater - INFO - updater 12664 Patching C:\Users\Pedro\Qt\6.8.3\msvc2022_64\lib\Qt6QmlAssetDownloader.prl
2026-10-06 10:44:35,572 - aqt.updater - INFO - updater 12664 Patching C:\Users\Pedro\Qt\6.8.3\msvc2022_64\lib\Qt6QmlAssetDownloaderd.prl
2026-10-06 10:44:35,579 - aqt.updater - INFO - updater 12664 Patching C:\Users\Pedro\Qt\6.8.3\msvc2022_64\lib\Qt6QmlCompiler.prl
2026-10-06 10:44:35,586 - aqt.updater - INFO - updater 12664 Patching C:\Users\Pedro\Qt\6.8.3\msvc2022_64\lib\Qt6QmlCompilerd.prl
2026-10-06 10:44:35,593 - aqt.updater - INFO - updater 12664 Patching C:\Users\Pedro\Qt\6.8.3\msvc2022_64\lib\Qt6QmlCore.prl
2026-10-06 10:44:35,600 - aqt.updater - INFO - updater 12664 Patching C:\Users\Pedro\Qt\6.8.3\msvc2022_64\lib\Qt6QmlCored.prl
2026-10-06 10:44:35,608 - aqt.updater - INFO - updater 12664 Patching C:\Users\Pedro\Qt\6.8.3\msvc2022_64\lib\Qt6Qmld.prl
2026-10-06 10:44:35,616 - aqt.updater - INFO - updater 12664 Patching C:\Users\Pedro\Qt\6.8.3\msvc2022_64\lib\Qt6QmlDebug.prl
2026-10-06 10:44:35,624 - aqt.updater - INFO - updater 12664 Patching C:\Users\Pedro\Qt\6.8.3\msvc2022_64\lib\Qt6QmlDebugd.prl
2026-10-06 10:44:35,883 - aqt.updater - INFO - updater 12664 Patching C:\Users\Pedro\Qt\6.8.3\msvc2022_64\lib\Qt6QmlDom.prl
2026-10-06 10:44:35,904 - aqt.updater - INFO - updater 12664 Patching C:\Users\Pedro\Qt\6.8.3\msvc2022_64\lib\Qt6QmlDomd.prl
2026-10-06 10:44:35,913 - aqt.updater - INFO - updater 12664 Patching C:\Users\Pedro\Qt\6.8.3\msvc2022_64\lib\Qt6QmlLocalStorage.prl
2026-10-06 10:44:35,921 - aqt.updater - INFO - updater 12664 Patching C:\Users\Pedro\Qt\6.8.3\msvc2022_64\lib\Qt6QmlLocalStoraged.prl
2026-10-06 10:44:35,929 - aqt.updater - INFO - updater 12664 Patching C:\Users\Pedro\Qt\6.8.3\msvc2022_64\lib\Qt6QmlLS.prl
2026-10-06 10:44:36,131 - aqt.updater - INFO - updater 12664 Patching C:\Users\Pedro\Qt\6.8.3\msvc2022_64\lib\Qt6QmlLSd.prl
2026-10-06 10:44:36,140 - aqt.updater - INFO - updater 12664 Patching C:\Users\Pedro\Qt\6.8.3\msvc2022_64\lib\Qt6QmlMeta.prl
2026-10-06 10:44:36,148 - aqt.updater - INFO - updater 12664 Patching C:\Users\Pedro\Qt\6.8.3\msvc2022_64\lib\Qt6QmlMetad.prl
2026-10-06 10:44:36,156 - aqt.updater - INFO - updater 12664 Patching C:\Users\Pedro\Qt\6.8.3\msvc2022_64\lib\Qt6QmlModels.prl
2026-10-06 10:44:36,163 - aqt.updater - INFO - updater 12664 Patching C:\Users\Pedro\Qt\6.8.3\msvc2022_64\lib\Qt6QmlModelsd.prl
2026-10-06 10:44:36,172 - aqt.updater - INFO - updater 12664 Patching C:\Users\Pedro\Qt\6.8.3\msvc2022_64\lib\Qt6QmlNetwork.prl
2026-10-06 10:44:36,179 - aqt.updater - INFO - updater 12664 Patching C:\Users\Pedro\Qt\6.8.3\msvc2022_64\lib\Qt6QmlNetworkd.prl
2026-10-06 10:44:36,187 - aqt.updater - INFO - updater 12664 Patching C:\Users\Pedro\Qt\6.8.3\msvc2022_64\lib\Qt6QmlToolingSettings.prl
2026-10-06 10:44:36,436 - aqt.updater - INFO - updater 12664 Patching C:\Users\Pedro\Qt\6.8.3\msvc2022_64\lib\Qt6QmlToolingSettingsd.prl
2026-10-06 10:44:36,443 - aqt.updater - INFO - updater 12664 Patching C:\Users\Pedro\Qt\6.8.3\msvc2022_64\lib\Qt6QmlTypeRegistrar.prl
2026-10-06 10:44:36,452 - aqt.updater - INFO - updater 12664 Patching C:\Users\Pedro\Qt\6.8.3\msvc2022_64\lib\Qt6QmlTypeRegistrard.prl
2026-10-06 10:44:36,460 - aqt.updater - INFO - updater 12664 Patching C:\Users\Pedro\Qt\6.8.3\msvc2022_64\lib\Qt6QmlWorkerScript.prl
2026-10-06 10:44:36,470 - aqt.updater - INFO - updater 12664 Patching C:\Users\Pedro\Qt\6.8.3\msvc2022_64\lib\Qt6QmlWorkerScriptd.prl
2026-10-06 10:44:36,478 - aqt.updater - INFO - updater 12664 Patching C:\Users\Pedro\Qt\6.8.3\msvc2022_64\lib\Qt6QmlXmlListModel.prl
2026-10-06 10:44:36,485 - aqt.updater - INFO - updater 12664 Patching C:\Users\Pedro\Qt\6.8.3\msvc2022_64\lib\Qt6QmlXmlListModeld.prl
2026-10-06 10:44:36,506 - aqt.updater - INFO - updater 12664 Patching C:\Users\Pedro\Qt\6.8.3\msvc2022_64\lib\Qt6Quick.prl
2026-10-06 10:44:36,515 - aqt.updater - INFO - updater 12664 Patching C:\Users\Pedro\Qt\6.8.3\msvc2022_64\lib\Qt6QuickControls2.prl
2026-10-06 10:44:36,525 - aqt.updater - INFO - updater 12664 Patching C:\Users\Pedro\Qt\6.8.3\msvc2022_64\lib\Qt6QuickControls2Basic.prl
2026-10-06 10:44:36,533 - aqt.updater - INFO - updater 12664 Patching C:\Users\Pedro\Qt\6.8.3\msvc2022_64\lib\Qt6QuickControls2Basicd.prl
2026-10-06 10:44:36,541 - aqt.updater - INFO - updater 12664 Patching C:\Users\Pedro\Qt\6.8.3\msvc2022_64\lib\Qt6QuickControls2BasicStyleImpl.prl
2026-10-06 10:44:36,590 - aqt.updater - INFO - updater 12664 Patching C:\Users\Pedro\Qt\6.8.3\msvc2022_64\lib\Qt6QuickControls2BasicStyleImpld.prl
2026-10-06 10:44:36,599 - aqt.updater - INFO - updater 12664 Patching C:\Users\Pedro\Qt\6.8.3\msvc2022_64\lib\Qt6QuickControls2d.prl
2026-10-06 10:44:36,610 - aqt.updater - INFO - updater 12664 Patching C:\Users\Pedro\Qt\6.8.3\msvc2022_64\lib\Qt6QuickControls2FluentWinUI3StyleImpl.prl
2026-10-06 10:44:36,662 - aqt.updater - INFO - updater 12664 Patching C:\Users\Pedro\Qt\6.8.3\msvc2022_64\lib\Qt6QuickControls2FluentWinUI3StyleImpld.prl
2026-10-06 10:44:36,671 - aqt.updater - INFO - updater 12664 Patching C:\Users\Pedro\Qt\6.8.3\msvc2022_64\lib\Qt6QuickControls2Fusion.prl
2026-10-06 10:44:36,680 - aqt.updater - INFO - updater 12664 Patching C:\Users\Pedro\Qt\6.8.3\msvc2022_64\lib\Qt6QuickControls2Fusiond.prl
2026-10-06 10:44:36,687 - aqt.updater - INFO - updater 12664 Patching C:\Users\Pedro\Qt\6.8.3\msvc2022_64\lib\Qt6QuickControls2FusionStyleImpl.prl
2026-10-06 10:44:36,736 - aqt.updater - INFO - updater 12664 Patching C:\Users\Pedro\Qt\6.8.3\msvc2022_64\lib\Qt6QuickControls2FusionStyleImpld.prl
2026-10-06 10:44:36,744 - aqt.updater - INFO - updater 12664 Patching C:\Users\Pedro\Qt\6.8.3\msvc2022_64\lib\Qt6QuickControls2Imagine.prl
2026-10-06 10:44:36,752 - aqt.updater - INFO - updater 12664 Patching C:\Users\Pedro\Qt\6.8.3\msvc2022_64\lib\Qt6QuickControls2Imagined.prl
2026-10-06 10:44:36,759 - aqt.updater - INFO - updater 12664 Patching C:\Users\Pedro\Qt\6.8.3\msvc2022_64\lib\Qt6QuickControls2ImagineStyleImpl.prl
2026-10-06 10:44:36,766 - aqt.updater - INFO - updater 12664 Patching C:\Users\Pedro\Qt\6.8.3\msvc2022_64\lib\Qt6QuickControls2ImagineStyleImpld.prl
2026-10-06 10:44:36,774 - aqt.updater - INFO - updater 12664 Patching C:\Users\Pedro\Qt\6.8.3\msvc2022_64\lib\Qt6QuickControls2Impl.prl
2026-10-06 10:44:36,781 - aqt.updater - INFO - updater 12664 Patching C:\Users\Pedro\Qt\6.8.3\msvc2022_64\lib\Qt6QuickControls2Impld.prl
2026-10-06 10:44:36,788 - aqt.updater - INFO - updater 12664 Patching C:\Users\Pedro\Qt\6.8.3\msvc2022_64\lib\Qt6QuickControls2Material.prl
2026-10-06 10:44:37,002 - aqt.updater - INFO - updater 12664 Patching C:\Users\Pedro\Qt\6.8.3\msvc2022_64\lib\Qt6QuickControls2Materiald.prl
2026-10-06 10:44:37,012 - aqt.updater - INFO - updater 12664 Patching C:\Users\Pedro\Qt\6.8.3\msvc2022_64\lib\Qt6QuickControls2MaterialStyleImpl.prl
2026-10-06 10:44:37,020 - aqt.updater - INFO - updater 12664 Patching C:\Users\Pedro\Qt\6.8.3\msvc2022_64\lib\Qt6QuickControls2MaterialStyleImpld.prl
2026-10-06 10:44:37,030 - aqt.updater - INFO - updater 12664 Patching C:\Users\Pedro\Qt\6.8.3\msvc2022_64\lib\Qt6QuickControls2Universal.prl
2026-10-06 10:44:37,086 - aqt.updater - INFO - updater 12664 Patching C:\Users\Pedro\Qt\6.8.3\msvc2022_64\lib\Qt6QuickControls2Universald.prl
2026-10-06 10:44:37,094 - aqt.updater - INFO - updater 12664 Patching C:\Users\Pedro\Qt\6.8.3\msvc2022_64\lib\Qt6QuickControls2UniversalStyleImpl.prl
2026-10-06 10:44:37,102 - aqt.updater - INFO - updater 12664 Patching C:\Users\Pedro\Qt\6.8.3\msvc2022_64\lib\Qt6QuickControls2UniversalStyleImpld.prl
2026-10-06 10:44:37,111 - aqt.updater - INFO - updater 12664 Patching C:\Users\Pedro\Qt\6.8.3\msvc2022_64\lib\Qt6QuickControls2WindowsStyleImpl.prl
2026-10-06 10:44:37,120 - aqt.updater - INFO - updater 12664 Patching C:\Users\Pedro\Qt\6.8.3\msvc2022_64\lib\Qt6QuickControls2WindowsStyleImpld.prl
2026-10-06 10:44:37,128 - aqt.updater - INFO - updater 12664 Patching C:\Users\Pedro\Qt\6.8.3\msvc2022_64\lib\Qt6QuickControlsTestUtils.prl
2026-10-06 10:44:37,138 - aqt.updater - INFO - updater 12664 Patching C:\Users\Pedro\Qt\6.8.3\msvc2022_64\lib\Qt6QuickControlsTestUtilsd.prl
2026-10-06 10:44:37,147 - aqt.updater - INFO - updater 12664 Patching C:\Users\Pedro\Qt\6.8.3\msvc2022_64\lib\Qt6Quickd.prl
2026-10-06 10:44:37,155 - aqt.updater - INFO - updater 12664 Patching C:\Users\Pedro\Qt\6.8.3\msvc2022_64\lib\Qt6QuickDialogs2.prl
2026-10-06 10:44:37,163 - aqt.updater - INFO - updater 12664 Patching C:\Users\Pedro\Qt\6.8.3\msvc2022_64\lib\Qt6QuickDialogs2d.prl
2026-10-06 10:44:37,171 - aqt.updater - INFO - updater 12664 Patching C:\Users\Pedro\Qt\6.8.3\msvc2022_64\lib\Qt6QuickDialogs2QuickImpl.prl
2026-10-06 10:44:37,180 - aqt.updater - INFO - updater 12664 Patching C:\Users\Pedro\Qt\6.8.3\msvc2022_64\lib\Qt6QuickDialogs2QuickImpld.prl
2026-10-06 10:44:37,188 - aqt.updater - INFO - updater 12664 Patching C:\Users\Pedro\Qt\6.8.3\msvc2022_64\lib\Qt6QuickDialogs2Utils.prl
2026-10-06 10:44:37,196 - aqt.updater - INFO - updater 12664 Patching C:\Users\Pedro\Qt\6.8.3\msvc2022_64\lib\Qt6QuickDialogs2Utilsd.prl
2026-10-06 10:44:37,204 - aqt.updater - INFO - updater 12664 Patching C:\Users\Pedro\Qt\6.8.3\msvc2022_64\lib\Qt6QuickEffects.prl
2026-10-06 10:44:37,212 - aqt.updater - INFO - updater 12664 Patching C:\Users\Pedro\Qt\6.8.3\msvc2022_64\lib\Qt6QuickEffectsd.prl
2026-10-06 10:44:37,220 - aqt.updater - INFO - updater 12664 Patching C:\Users\Pedro\Qt\6.8.3\msvc2022_64\lib\Qt6QuickLayouts.prl
2026-10-06 10:44:37,228 - aqt.updater - INFO - updater 12664 Patching C:\Users\Pedro\Qt\6.8.3\msvc2022_64\lib\Qt6QuickLayoutsd.prl
2026-10-06 10:44:37,236 - aqt.updater - INFO - updater 12664 Patching C:\Users\Pedro\Qt\6.8.3\msvc2022_64\lib\Qt6QuickParticles.prl
2026-10-06 10:44:37,245 - aqt.updater - INFO - updater 12664 Patching C:\Users\Pedro\Qt\6.8.3\msvc2022_64\lib\Qt6QuickParticlesd.prl
2026-10-06 10:44:37,253 - aqt.updater - INFO - updater 12664 Patching C:\Users\Pedro\Qt\6.8.3\msvc2022_64\lib\Qt6QuickShapes.prl
2026-10-06 10:44:37,261 - aqt.updater - INFO - updater 12664 Patching C:\Users\Pedro\Qt\6.8.3\msvc2022_64\lib\Qt6QuickShapesd.prl
2026-10-06 10:44:37,269 - aqt.updater - INFO - updater 12664 Patching C:\Users\Pedro\Qt\6.8.3\msvc2022_64\lib\Qt6QuickTemplates2.prl
2026-10-06 10:44:37,277 - aqt.updater - INFO - updater 12664 Patching C:\Users\Pedro\Qt\6.8.3\msvc2022_64\lib\Qt6QuickTemplates2d.prl
2026-10-06 10:44:37,286 - aqt.updater - INFO - updater 12664 Patching C:\Users\Pedro\Qt\6.8.3\msvc2022_64\lib\Qt6QuickTest.prl
2026-10-06 10:44:37,294 - aqt.updater - INFO - updater 12664 Patching C:\Users\Pedro\Qt\6.8.3\msvc2022_64\lib\Qt6QuickTestd.prl
2026-10-06 10:44:37,302 - aqt.updater - INFO - updater 12664 Patching C:\Users\Pedro\Qt\6.8.3\msvc2022_64\lib\Qt6QuickTestUtils.prl
2026-10-06 10:44:37,311 - aqt.updater - INFO - updater 12664 Patching C:\Users\Pedro\Qt\6.8.3\msvc2022_64\lib\Qt6QuickTestUtilsd.prl
2026-10-06 10:44:37,319 - aqt.updater - INFO - updater 12664 Patching C:\Users\Pedro\Qt\6.8.3\msvc2022_64\lib\Qt6QuickVectorImage.prl
2026-10-06 10:44:37,328 - aqt.updater - INFO - updater 12664 Patching C:\Users\Pedro\Qt\6.8.3\msvc2022_64\lib\Qt6QuickVectorImaged.prl
2026-10-06 10:44:37,335 - aqt.updater - INFO - updater 12664 Patching C:\Users\Pedro\Qt\6.8.3\msvc2022_64\lib\Qt6QuickVectorImageGenerator.prl
2026-10-06 10:44:37,344 - aqt.updater - INFO - updater 12664 Patching C:\Users\Pedro\Qt\6.8.3\msvc2022_64\lib\Qt6QuickVectorImageGeneratord.prl
2026-10-06 10:44:37,351 - aqt.updater - INFO - updater 12664 Patching C:\Users\Pedro\Qt\6.8.3\msvc2022_64\lib\Qt6QuickWidgets.prl
2026-10-06 10:44:37,359 - aqt.updater - INFO - updater 12664 Patching C:\Users\Pedro\Qt\6.8.3\msvc2022_64\lib\Qt6QuickWidgetsd.prl
2026-10-06 10:44:37,367 - aqt.updater - INFO - updater 12664 Patching C:\Users\Pedro\Qt\6.8.3\msvc2022_64\lib\Qt6Sql.prl
2026-10-06 10:44:37,375 - aqt.updater - INFO - updater 12664 Patching C:\Users\Pedro\Qt\6.8.3\msvc2022_64\lib\Qt6Sqld.prl
2026-10-06 10:44:37,382 - aqt.updater - INFO - updater 12664 Patching C:\Users\Pedro\Qt\6.8.3\msvc2022_64\lib\Qt6Svg.prl
2026-10-06 10:44:37,392 - aqt.updater - INFO - updater 12664 Patching C:\Users\Pedro\Qt\6.8.3\msvc2022_64\lib\Qt6Svgd.prl
2026-10-06 10:44:37,400 - aqt.updater - INFO - updater 12664 Patching C:\Users\Pedro\Qt\6.8.3\msvc2022_64\lib\Qt6SvgWidgets.prl
2026-10-06 10:44:37,409 - aqt.updater - INFO - updater 12664 Patching C:\Users\Pedro\Qt\6.8.3\msvc2022_64\lib\Qt6SvgWidgetsd.prl
2026-10-06 10:44:37,417 - aqt.updater - INFO - updater 12664 Patching C:\Users\Pedro\Qt\6.8.3\msvc2022_64\lib\Qt6Test.prl
2026-10-06 10:44:37,426 - aqt.updater - INFO - updater 12664 Patching C:\Users\Pedro\Qt\6.8.3\msvc2022_64\lib\Qt6Testd.prl
2026-10-06 10:44:37,433 - aqt.updater - INFO - updater 12664 Patching C:\Users\Pedro\Qt\6.8.3\msvc2022_64\lib\Qt6UiTools.prl
2026-10-06 10:44:37,441 - aqt.updater - INFO - updater 12664 Patching C:\Users\Pedro\Qt\6.8.3\msvc2022_64\lib\Qt6UiToolsd.prl
2026-10-06 10:44:37,450 - aqt.updater - INFO - updater 12664 Patching C:\Users\Pedro\Qt\6.8.3\msvc2022_64\lib\Qt6WebSockets.prl
2026-10-06 10:44:37,458 - aqt.updater - INFO - updater 12664 Patching C:\Users\Pedro\Qt\6.8.3\msvc2022_64\lib\Qt6WebSocketsd.prl
2026-10-06 10:44:37,466 - aqt.updater - INFO - updater 12664 Patching C:\Users\Pedro\Qt\6.8.3\msvc2022_64\lib\Qt6Widgets.prl
2026-10-06 10:44:37,474 - aqt.updater - INFO - updater 12664 Patching C:\Users\Pedro\Qt\6.8.3\msvc2022_64\lib\Qt6Widgetsd.prl
2026-10-06 10:44:37,483 - aqt.updater - INFO - updater 12664 Patching C:\Users\Pedro\Qt\6.8.3\msvc2022_64\lib\Qt6Xml.prl
2026-10-06 10:44:37,492 - aqt.updater - INFO - updater 12664 Patching C:\Users\Pedro\Qt\6.8.3\msvc2022_64\lib\Qt6Xmld.prl
2026-10-06 10:44:37,500 - aqt.main - INFO - installer 12664 Finished installation
2026-10-06 10:44:37,501 - aqt.main - INFO - installer 12664 Time elapsed: 114.94663250 second
